2015-09-10 22:55:24,160 - lpd - ERROR - dfsdsafa
